// Jest Snapshot v1, https://goo.gl/fbAQLP

exports[`Communities should render correctly 1`] = `
<styled.div>
  <section
    className="app-container"
  >
    <Styled(MainContent)
      communities={
        Array [
          1,
          2,
          3,
        ]
      }
    />
  </section>
</styled.div>
`;
