// Jest Snapshot v1, https://goo.gl/fbAQLP

exports[`Communities should render correctly 1`] = `
<Communities__StyledCommunities>
  <section
    className="app-container"
  >
    <MainContent
      communities={
        Array [
          1,
          2,
          3,
        ]
      }
    />
  </section>
</Communities__StyledCommunities>
`;
