// Jest Snapshot v1, https://goo.gl/fbAQLP

exports[`MainContent should render correctly 1`] = `
<ContentSection>
  <ContentBody>
    <EventsSection
      events={Object {}}
      title="Events you're part of"
    />
    <EventsSection
      events={Object {}}
      title="Events you may like"
    />
  </ContentBody>
  <ContentSidebar>
    <CommunitiesSection
      communities={Object {}}
    />
  </ContentSidebar>
</ContentSection>
`;
