// Jest Snapshot v1, https://goo.gl/fbAQLP

exports[`main content - join a community component should render correctly 1`] = `
ShallowWrapper {
  "length": 1,
  Symbol(enzyme.__root__): [Circular],
  Symbol(enzyme.__unrendered__): <MainContent />,
  Symbol(enzyme.__renderer__): Object {
    "batchedUpdates": [Function],
    "getNode": [Function],
    "render": [Function],
    "simulateEvent": [Function],
    "unmount": [Function],
  },
  Symbol(enzyme.__node__): Object {
    "instance": null,
    "key": undefined,
    "nodeType": "class",
    "props": Object {
      "children": Array [
        <h2>
          Keep track of your favorite communities
</h2>,
        <p>
          Know when they might host an event or share an event-related news
</p>,
      ],
      "className": "main-content app-container",
    },
    "ref": null,
    "rendered": Array [
      Object {
        "instance": null,
        "key": undefined,
        "nodeType": "host",
        "props": Object {
          "children": "Keep track of your favorite communities",
        },
        "ref": null,
        "rendered": "Keep track of your favorite communities",
        "type": "h2",
      },
      Object {
        "instance": null,
        "key": undefined,
        "nodeType": "host",
        "props": Object {
          "children": "Know when they might host an event or share an event-related news",
        },
        "ref": null,
        "rendered": "Know when they might host an event or share an event-related news",
        "type": "p",
      },
    ],
    "type": [Function],
  },
  Symbol(enzyme.__nodes__): Array [
    Object {
      "instance": null,
      "key": undefined,
      "nodeType": "class",
      "props": Object {
        "children": Array [
          <h2>
            Keep track of your favorite communities
</h2>,
          <p>
            Know when they might host an event or share an event-related news
</p>,
        ],
        "className": "main-content app-container",
      },
      "ref": null,
      "rendered": Array [
        Object {
          "instance": null,
          "key": undefined,
          "nodeType": "host",
          "props": Object {
            "children": "Keep track of your favorite communities",
          },
          "ref": null,
          "rendered": "Keep track of your favorite communities",
          "type": "h2",
        },
        Object {
          "instance": null,
          "key": undefined,
          "nodeType": "host",
          "props": Object {
            "children": "Know when they might host an event or share an event-related news",
          },
          "ref": null,
          "rendered": "Know when they might host an event or share an event-related news",
          "type": "p",
        },
      ],
      "type": [Function],
    },
  ],
  Symbol(enzyme.__options__): Object {
    "adapter": ReactSixteenAdapter {
      "options": Object {
        "enableComponentDidUpdateOnSetState": true,
      },
    },
  },
}
`;
