// Jest Snapshot v1, https://goo.gl/fbAQLP

exports[`Events should render correctly 1`] = `
<styled.div>
  <CommunityHeader />
  <section
    className="app-container"
  >
    <MainContent
      events={
        Array [
          1,
          2,
          3,
        ]
      }
    />
  </section>
</styled.div>
`;
