// Jest Snapshot v1, https://goo.gl/fbAQLP

exports[`Events should render correctly 1`] = `
<Events__StyledEvents>
  <section
    className="app-container"
  >
    <MainContent
      events={
        Array [
          1,
          2,
          3,
        ]
      }
    />
  </section>
</Events__StyledEvents>
`;
