// Jest Snapshot v1, https://goo.gl/fbAQLP

exports[`EditUserForm should render correctly 1`] = `
<styled.div
  className=""
>
  <div
    className="app-container"
  >
    <ContentPanel
      title={
        <p>
          Edit Your Personal Information
        </p>
      }
    >
      <Form
        as="form"
      >
        <Message
          header="Success!"
          success={true}
        />
        <Message
          error={true}
          header="Error!"
        />
        <FormField>
          <label>
            First Name
          </label>
          <Styled(Input)
            name="first_name"
            onChange={[Function]}
            placeholder="Ciroma"
            value=""
          />
        </FormField>
        <FormField>
          <label>
            Last Name
          </label>
          <Styled(Input)
            name="last_name"
            onChange={[Function]}
            placeholder="Chukwuma"
            value=""
          />
        </FormField>
        <FormField>
          <label>
            Gender
          </label>
          <Select
            defaultValue="male"
            onChange={[Function]}
            options={
              Array [
                Object {
                  "key": "m",
                  "text": "Male",
                  "value": "male",
                },
                Object {
                  "key": "f",
                  "text": "Female",
                  "value": "female",
                },
              ]
            }
            placeholder="Gender"
            value="Male"
          />
        </FormField>
        <FormField>
          <label>
            Email
          </label>
          <Styled(Input)
            name="email"
            onChange={[Function]}
            placeholder="ciroma@chukwuma.com"
            value=""
          />
        </FormField>
        <FormField>
          <label>
            Bio
          </label>
          <Styled(Component)
            maxLength={70}
            name="bio"
            onChange={[Function]}
            placeholder="A bit about yourself"
          />
        </FormField>
        <FormField>
          <label>
            Preferred link color
          </label>
          <Select
            defaultValue="#9448BC"
            name="brand_color"
            onChange={[Function]}
            options={
              Array [
                Object {
                  "icon": "point purple",
                  "key": "default",
                  "text": "default",
                  "value": "#9448BC",
                },
                Object {
                  "icon": "point blue",
                  "key": "blue",
                  "text": "blue",
                  "value": "#4968B7",
                },
                Object {
                  "icon": "point red",
                  "key": "red",
                  "text": "red",
                  "value": "#B33F62",
                },
                Object {
                  "icon": "point green",
                  "key": "green",
                  "text": "green",
                  "value": "#2db528",
                },
                Object {
                  "icon": "point pink",
                  "key": "pink",
                  "text": "pink",
                  "value": "#F851F6",
                },
                Object {
                  "icon": "point orange",
                  "key": "orange",
                  "text": "orange",
                  "value": "#e17034",
                },
                Object {
                  "icon": "point yellow",
                  "key": "yellow",
                  "text": "yellow",
                  "value": "#fdee0c",
                },
              ]
            }
          />
        </FormField>
        <FormField>
          <label>
            Occupation
          </label>
          <Styled(Input)
            name="occupation"
            onChange={[Function]}
            placeholder="Content Creator"
          />
        </FormField>
        <FormField>
          <label>
            Facebook
          </label>
          <Styled(Input)
            name="facebook_profile"
            onChange={[Function]}
            placeholder="ciroma@chukwuma.com"
          />
        </FormField>
        <FormField>
          <label>
            Twitter
          </label>
          <Styled(Input)
            name="twitter_profile"
            onChange={[Function]}
            placeholder="ciroma@chukwuma.com"
          />
        </FormField>
        <FormField>
          <label>
            LinkedIn
          </label>
          <Styled(Input)
            name="linkedin_profile"
            onChange={[Function]}
            placeholder="linkedin.com/something"
          />
        </FormField>
        <FormField>
          <label>
            Github
          </label>
          <Styled(Input)
            name="github_profile"
            onChange={[Function]}
            placeholder="github.com/you"
          />
        </FormField>
        <FormField>
          <label>
            Personal website/blog
          </label>
          <Styled(Input)
            name="site_link"
            onChange={[Function]}
            placeholder="ciroma@chukwuma.com"
          />
        </FormField>
        <Button
          className="space-top"
          disabled={true}
          inverted={true}
          type="submit"
        >
          Save
        </Button>
      </Form>
    </ContentPanel>
  </div>
</styled.div>
`;
