// Jest Snapshot v1, https://goo.gl/fbAQLP

exports[`ContentAfterCommunitySubmit it renders correctly 1`] = `
<ContentAfterFeedbackSubmit__StyledContent>
  <Message
    positive={true}
  >
    <MessageHeader>
      Thank you for sharing your thoughts!
    </MessageHeader>
  </Message>
</ContentAfterFeedbackSubmit__StyledContent>
`;
