// Jest Snapshot v1, https://goo.gl/fbAQLP

exports[`ContentBeforeEmailSubmit it renders correctly 1`] = `
<styled.div>
  <p>
    Type in your new password and then click submit. Your password should be less than 8 characters. It's a good idea to add in some numbers.
  </p>
  <div
    className="submit-form"
  >
    <Form
      as="form"
      error={false}
    >
      <Message
        error={true}
        header="Error"
      />
      <FormGroup
        inline={true}
      >
        <FormField
          className="password-holder"
        >
          <Input
            name="password"
            placeholder="****"
            type="password"
          />
        </FormField>
        <Button>
          Change my password
        </Button>
      </FormGroup>
    </Form>
  </div>
</styled.div>
`;
