// Jest Snapshot v1, https://goo.gl/fbAQLP

exports[`SponsorshipOfferItem should render correctly 1`] = `
<MainContentCard
  btn={
    Object {
      "className": "cta-btn",
      "icon": <span>
        <Icon
            as="i"
            name="cart"
        />
        Sponsor this
    </span>,
      "inverted": true,
      "onClick": [Function],
    }
  }
  description={
    <span>
      <ReactMarkdown
        astPlugins={Array []}
        escapeHtml={true}
        plugins={Array []}
        rawSourcePos={false}
        renderers={Object {}}
        skipHtml={false}
        source="A lot of details"
        sourcePos={false}
        transformLinkUri={[Function]}
      />
    </span>
  }
  featured_image="/sample-avatar.png"
  hideImage={true}
  key="1"
  meta={
    <ul
      className="meta"
    >
      <li
        className="highlighted"
      >
        Preferred form: 
        talk
      </li>
    </ul>
  }
  showButton={true}
  title={
    <h3>
      An awesome title
       (
      0
       of 
      2
      ) - 
      N
      200
    </h3>
  }
/>
`;
