// Jest Snapshot v1, https://goo.gl/fbAQLP

exports[`Communities::Communities::EventsSection should render correctly 1`] = `
<ContentPanel
  title="Events Section"
>
  <Link
    replace={false}
    to="/communities/undefined/events/1"
  >
    <MainContentCard
      btn={
        Object {
          "onClick": [Function],
          "text": "interested",
        }
      }
      description={
        <span>
          By 
          <Link
            replace={false}
            to="/communities/1"
          >
            Facebook Developer Circle Lagos
          </Link>
        </span>
      }
      featured_image="/tech_is_in_you.png"
      key="1"
      meta={
        Array [
          <ul>
            <li />
            <li />
            <li>
                StartZone, Gbagada
            </li>
        </ul>,
          <ul>
            <li>
                211
                 people interested
            </li>
        </ul>,
        ]
      }
      showButton={true}
      title={
        <Link
          replace={false}
          to="/communities/undefined/events/1"
        >
          Tech is in you
        </Link>
      }
    />
  </Link>
  <Link
    replace={false}
    to="/communities/undefined/events/2"
  >
    <MainContentCard
      btn={
        Object {
          "onClick": [Function],
          "text": "interested",
        }
      }
      description={
        <span>
          By 
          <Link
            replace={false}
            to="/communities/2"
          >
            Google Developer Group
          </Link>
        </span>
      }
      featured_image="/login-bg.jpg"
      key="2"
      meta={
        Array [
          <ul>
            <li />
            <li />
            <li>
                StartZone, Gbagada
            </li>
        </ul>,
          <ul>
            <li>
                211
                 people interested
            </li>
        </ul>,
        ]
      }
      showButton={true}
      title={
        <Link
          replace={false}
          to="/communities/undefined/events/2"
        >
          Writers corner workshop with writing and use of English
        </Link>
      }
    />
  </Link>
  <Link
    replace={false}
    to="/communities/undefined/events/3"
  >
    <MainContentCard
      btn={
        Object {
          "onClick": [Function],
          "text": "interested",
        }
      }
      description={
        <span>
          By 
          <Link
            replace={false}
            to="/communities/3"
          >
            ForLoop Lagos
          </Link>
        </span>
      }
      featured_image="/login-bg.jpg"
      key="3"
      meta={
        Array [
          <ul>
            <li />
            <li />
            <li>
                StartZone, Gbagada
            </li>
        </ul>,
          <ul>
            <li>
                108
                 people interested
            </li>
        </ul>,
        ]
      }
      showButton={true}
      title={
        <Link
          replace={false}
          to="/communities/undefined/events/3"
        >
          Figma Design Series
        </Link>
      }
    />
  </Link>
</ContentPanel>
`;
