// Jest Snapshot v1, https://goo.gl/fbAQLP

exports[`Event should render correctly 1`] = `
<styled.div>
  <ContentPanel
    title="Description"
  >
    <div
      className="event-description"
    >
      <ContentEditableWrapper
        propName="description"
        type="textarea"
      >
        <ReactMarkdown
          astPlugins={Array []}
          escapeHtml={false}
          plugins={Array []}
          rawSourcePos={false}
          renderers={Object {}}
          skipHtml={false}
          source="None yet."
          sourcePos={false}
          transformLinkUri={[Function]}
        />
      </ContentEditableWrapper>
      <img />
    </div>
  </ContentPanel>
  <ContentPanel
    title="Agenda"
  >
    <div
      className="event-agenda"
    >
      <ContentEditableWrapper
        propName="agenda"
        type="textarea"
      >
        <ReactMarkdown
          astPlugins={Array []}
          escapeHtml={false}
          plugins={Array []}
          rawSourcePos={false}
          renderers={Object {}}
          skipHtml={false}
          source="None yet."
          sourcePos={false}
          transformLinkUri={[Function]}
        />
      </ContentEditableWrapper>
    </div>
  </ContentPanel>
  <Component
    recipient_type="Event"
  />
  <ContentPanel
    title="Meet the organizers"
  >
    <Members />
  </ContentPanel>
  <ContentPanel
    title="Become a sponsor"
  >
    <TargetAudience
      className="target-audience"
      event={Object {}}
      sponsorship_offer={Object {}}
    />
    <Component
      className="btn-inline"
      inverted={true}
      to="/e/undefined/sponsors/new"
    >
      View sponsorship options
    </Component>
  </ContentPanel>
</styled.div>
`;
