// Jest Snapshot v1, https://goo.gl/fbAQLP

exports[`Communities::Communities::CommunitiesSection should render correctly 1`] = `
<ContentPanel
  title="Events Section"
>
  <MainContentCard
    btn={
      Object {
        "onClick": [Function],
        "text": "Follow",
      }
    }
    description="A community of developers united in knowledge sharing."
    featured_image="/login-bg.jpg"
    key="1"
    meta={
      <ul>
        <li>
           
          followers
        </li>
        <li>
          2
           upcoming 
          events
        </li>
        <li>
          <span
            className="meta-label"
          >
            Interests
          </span>
          : 
          <span
            className="hashtag"
          >
            Technology
          </span>
          <span
            className="hashtag"
          >
            Software Engineering
          </span>
        </li>
      </ul>
    }
    showButton={false}
    title={
      <Link
        replace={false}
        to="/communities/1"
      >
        Facebook Developer Circle Lagos
      </Link>
    }
    titleLink="/communities/1"
  />
  <MainContentCard
    btn={
      Object {
        "onClick": [Function],
        "text": "Follow",
      }
    }
    description="Developer community bringing up community interest, powereed by google"
    featured_image="/tech_is_in_you.png"
    key="2"
    meta={
      <ul>
        <li>
           
          followers
        </li>
        <li>
          2
           upcoming 
          events
        </li>
        <li>
          <span
            className="meta-label"
          >
            Interests
          </span>
          : 
          <span
            className="hashtag"
          >
            Developers
          </span>
        </li>
      </ul>
    }
    showButton={true}
    title={
      <Link
        replace={false}
        to="/communities/2"
      >
        Google Developer Group
      </Link>
    }
    titleLink="/communities/2"
  />
  <MainContentCard
    btn={
      Object {
        "onClick": [Function],
        "text": "Follow",
      }
    }
    description="A community of developers united in knowledge sharing"
    featured_image="/login-bg.jpg"
    key="3"
    meta={
      <ul>
        <li>
           
          followers
        </li>
        <li>
          2
           upcoming 
          events
        </li>
        <li>
          <span
            className="meta-label"
          >
            Interests
          </span>
          : 
          <span
            className="hashtag"
          >
            Technology
          </span>
        </li>
      </ul>
    }
    showButton={false}
    title={
      <Link
        replace={false}
        to="/communities/3"
      >
        ForLoop Lagos
      </Link>
    }
    titleLink="/communities/3"
  />
</ContentPanel>
`;
