// Jest Snapshot v1, https://goo.gl/fbAQLP

exports[`MyCommunities should render correctly 1`] = `
<MyCommunities__StyledCommunities>
  <Grid
    className="app-container"
  >
    <GridColumn
      width={4}
    >
      <Menu
        fluid={true}
        tabular={true}
        vertical={true}
      />
    </GridColumn>
    <GridColumn
      stretched={true}
      width={12}
    >
      <Segment>
        <CommunitySection
          showCTA={true}
        />
      </Segment>
    </GridColumn>
  </Grid>
</MyCommunities__StyledCommunities>
`;
