// Jest Snapshot v1, https://goo.gl/fbAQLP

exports[`ContentBeforeEmailSubmit it renders correctly 1`] = `
<styled.div>
  <p>
    Type in your email address so we send you an email with specific instructions on how to reset it.
  </p>
  <div
    className="submit-form"
  >
    <Form
      as="form"
      error={false}
    >
      <Message
        error={true}
        header="Error"
      />
      <FormGroup
        inline={true}
      >
        <FormField
          className="wide email-holder"
        >
          <Styled(Input)
            name="email"
            placeholder="ciroma@chukwuma.com"
            type="email"
          />
        </FormField>
        <Button>
          Reset
        </Button>
      </FormGroup>
    </Form>
  </div>
</styled.div>
`;
