// Jest Snapshot v1, https://goo.gl/fbAQLP

exports[`Speakers should render correctly 1`] = `
<div
  className="undefined speakers app-container"
>
  <div>
    <SpeakersList
      currentUser={
        Object {
          "id": 1,
        }
      }
      title={
        <p>
          All presentations - 
          <a
            href="http://localhost/e/3?utm_source=feedback_form"
          />
        </p>
      }
    />
    <ContentPanel
      title="Add a speaker"
    >
      <Component
        newSpeaker={true}
      />
    </ContentPanel>
  </div>
</div>
`;
