// Jest Snapshot v1, https://goo.gl/fbAQLP

exports[`NewCommunity should render correctly 1`] = `
<NewCategory__StyledNewCategory>
  <MainContent
    community={
      Object {
        "name": "A new community",
      }
    }
    communitySubmitted={false}
    handleChange={[Function]}
    submitEmail={[Function]}
  />
</NewCategory__StyledNewCategory>
`;
