// Jest Snapshot v1, https://goo.gl/fbAQLP

exports[`ContentBeforeEmailSubmit it renders correctly 1`] = `
<ContentAfterPasswordChange__StyledContent>
  <p>
    You've changed your password! 
  </p>
  <img
    alt="people-dancing"
    src="congratulations.gif"
  />
  <p>
    Click 
    <Link
      replace={false}
      to="/logout"
    >
      here
    </Link>
     if you want to log out and log back in with your new password.
  </p>
</ContentAfterPasswordChange__StyledContent>
`;
