// Jest Snapshot v1, https://goo.gl/fbAQLP

exports[`ForgotPassword should render correctly 1`] = `
<ResetPassword__StyledResetPassword>
  <MainContent
    email="john@gmail.com"
    emailSubmitted={false}
    handleChange={[Function]}
    submitEmail={[Function]}
  />
</ResetPassword__StyledResetPassword>
`;
