// Jest Snapshot v1, https://goo.gl/fbAQLP

exports[`ImageUploader should render correctly 1`] = `
<ImageUploader__StyledLoader>
  <input
    accept="image/*"
    className="hidden"
    id="upload-img"
    name="image"
    type="file"
  />
  <Button
    className="btn-right upload-btn"
  >
    <Icon
      as="i"
      className="image"
    />
  </Button>
</ImageUploader__StyledLoader>
`;
