// Jest Snapshot v1, https://goo.gl/fbAQLP

exports[`SecondaryMenu should render correctly 1`] = `
<SecondaryMenu__StyledHeader>
  <div
    className="app-container"
  >
    <Nav
      StackUlOnMobile={false}
      hideOnMobile={false}
    >
      <Component>
        <Link
          replace={false}
          to="/events"
        >
          Events
        </Link>
      </Component>
      <Component>
        <Link
          replace={false}
          to="/communities"
        >
          Communities
        </Link>
      </Component>
    </Nav>
  </div>
</SecondaryMenu__StyledHeader>
`;
