// Jest Snapshot v1, https://goo.gl/fbAQLP

exports[`Categories should render correctly 1`] = `
<Categories__StyledCategories>
  <section
    className="app-container"
  >
    <MainContent
      categories={
        Array [
          1,
          2,
          3,
        ]
      }
    />
  </section>
</Categories__StyledCategories>
`;
