// Jest Snapshot v1, https://goo.gl/fbAQLP

exports[`MainContent should render correctly 1`] = `
<styled.div>
  <section
    className="main-body"
  >
    <CommunitySection
      communities={Array []}
      showCTA={false}
      title="My communities"
    />
    <CommunitySection
      communities={Array []}
      title="Related communities"
    />
  </section>
  <Sidebar
    title="Events you may like"
  >
    <EventsSection
      events={Array []}
    />
  </Sidebar>
</styled.div>
`;
