// Jest Snapshot v1, https://goo.gl/fbAQLP

exports[`SpeakerCard should render correctly 1`] = `
<MainContentCard
  btn=""
  description={
    <span>
      A short summary
    </span>
  }
  featured_image="/sample-avatar.png"
  key="1"
  meta={
    Array [
      <ul>
        <li>
            By 
            <Link
                replace={false}
                to="#"
            >
                undefined
            </Link>
        </li>
        <li>
            0
             
            view
        </li>
        <li>
            0
             
            comments
        </li>
    </ul>,
    ]
  }
  showButton={true}
  title={
    <Link
      onClick={[Function]}
      replace={false}
      to="/e/3/speakers/1"
    >
      [Talk]
       
      An awesome title
    </Link>
  }
/>
`;
