// Jest Snapshot v1, https://goo.gl/fbAQLP

exports[`MainContent should render correctly 1`] = `
<ContentSection>
  <ContentSidebar>
    <SearchSidebar />
  </ContentSidebar>
  <ContentBody>
    <TmnTab
      panes={
        Array [
          Object {
            "content": [Function],
            "name": "Events",
          },
          Object {
            "content": [Function],
            "name": "Communities",
          },
        ]
      }
    />
  </ContentBody>
</ContentSection>
`;
