// Jest Snapshot v1, https://goo.gl/fbAQLP

exports[`v2::sidebar::CommunitiesSection should render correctly 1`] = `
<CommunitiesSection
  className="CommunitiesSection-sc-1ce2e1-0 jjjjCr"
  communities={
    Object {
      "data": Array [
        Object {
          "description": "A community of developers united in knowledge sharing.",
          "featured_image": "/login-bg.jpg",
          "id": 1,
          "interests": Array [
            "Technology",
            "Software Engineering",
          ],
          "joined": true,
          "link_color": "#2291f9",
          "logo": "/dev-c-lagos-logo.png",
          "members": Array [
            Object {
              "avatar_url": "/steve.jpg",
              "first_name": "Steve",
              "id": 1,
              "last_name": "Omobola",
              "occupation": "Software Engineer",
            },
            Object {
              "avatar_url": "/sample-avatar.jpg",
              "first_name": "Chinwe",
              "id": 2,
              "last_name": "Ifejikara",
              "occupation": "Product Manager",
            },
            Object {
              "avatar_url": "/sunday.jpg",
              "first_name": "Sunday",
              "id": 3,
              "last_name": "Nzeribe",
              "occupation": "Digital Analyst",
            },
          ],
          "name": "Facebook Developer Circle Lagos",
          "no_of_members": 200,
          "no_of_upcoming_events": 2,
        },
        Object {
          "description": "Developer community bringing up community interest, powereed by google",
          "display_name": "Google Developer Group",
          "featured_image": "/sampe.png",
          "id": 2,
          "interests": Array [
            "Developers",
          ],
          "joined": false,
          "link_color": "red",
          "members": Array [
            Object {
              "avatar_url": "/steve.jpg",
              "first_name": "Steve",
              "id": 1,
              "last_name": "Omobola",
              "occupation": "Software Engineer",
            },
            Object {
              "avatar_url": "/sample-avatar.jpg",
              "first_name": "Chinwe",
              "id": 2,
              "last_name": "Ifejikara",
              "occupation": "Product Manager",
            },
            Object {
              "avatar_url": "/sunday.jpg",
              "first_name": "Sunday",
              "id": 3,
              "last_name": "Nzeribe",
              "occupation": "Digital Analyst",
            },
          ],
          "name": "Google Developer Group",
          "no_of_members": 200,
          "no_of_upcoming_events": 2,
        },
        Object {
          "description": "A community of developers united in knowledge sharing",
          "display_name": "ForLoop Lagos",
          "featured_image": "/login-bg.jpg",
          "id": 3,
          "interests": Array [
            "Technology",
          ],
          "joined": true,
          "link_color": "green",
          "members": Array [
            Object {
              "avatar_url": "/steve.jpg",
              "first_name": "Steve",
              "id": 1,
              "last_name": "Omobola",
              "occupation": "Software Engineer",
            },
            Object {
              "avatar_url": "/sample-avatar.jpg",
              "first_name": "Chinwe",
              "id": 2,
              "last_name": "Ifejikara",
              "occupation": "Product Manager",
            },
            Object {
              "avatar_url": "/sunday.jpg",
              "first_name": "Sunday",
              "id": 3,
              "last_name": "Nzeribe",
              "occupation": "Digital Analyst",
            },
          ],
          "name": "ForLoop Lagos",
          "no_of_members": 200,
          "no_of_upcoming_events": 2,
        },
      ],
      "meta": Object {
        "current_page": 1,
        "per_page": 10,
        "total_pages": 1,
      },
    }
  }
/>
`;
