// Jest Snapshot v1, https://goo.gl/fbAQLP

exports[`main content - forgot password component should render correctly 1`] = `
<MainContent__StyledMainContent
  className="main-content app-container"
>
  <h3>
    One step left...
  </h3>
  <ContentBeforePasswordChange />
</MainContent__StyledMainContent>
`;
