// Jest Snapshot v1, https://goo.gl/fbAQLP

exports[`ExternalFooter should render correctly 1`] = `
<ExternalFooter__StyledExternalFooter
  className="app-container footer"
>
  <div>
    Powered by 
    <img
      alt="eventplog"
      src="logo-gray-full.png"
    />
    <Link
      replace={false}
      to="/e/new"
    >
      Create your own event now.
    </Link>
  </div>
</ExternalFooter__StyledExternalFooter>
`;
