// Jest Snapshot v1, https://goo.gl/fbAQLP

exports[`Presentations should render correctly 1`] = `
<div
  className="undefined presentations app-container"
>
  <div>
    <PresentationsList
      currentUser={
        Object {
          "id": 1,
        }
      }
      title="All Presentations"
    />
    <ContentPanel
      title="Add a presentation"
    >
      <Component
        newPresentation={true}
      />
    </ContentPanel>
  </div>
</div>
`;
