// Jest Snapshot v1, https://goo.gl/fbAQLP

exports[`Event should render correctly 1`] = `
<styled.div
  className="app-container"
>
  <ContentSection>
    <Styled(EventBanner)
      community={Object {}}
    />
    <ContentBody>
      <TmnTab
        panes={
          Array [
            Object {
              "content": [Function],
              "name": "About",
            },
            Object {
              "content": [Function],
              "name": "Discussion (undefined)",
            },
            Object {
              "content": [Function],
              "name": "Pictures (0)",
            },
            Object {
              "content": [Function],
              "name": "Resources (0)",
            },
            Object {
              "content": [Function],
              "name": "Report (shown)",
            },
          ]
        }
      />
    </ContentBody>
    <EventSidebar
      community={Object {}}
      past_events={Object {}}
    />
    <FullRow>
      <ContentBody>
        <ContentPanel
          className="comments-section"
          title="Ask the organizers"
        >
          <Component
            placeholder="What would you like to ask/suggest?"
            recipient_type="Event"
            trackable_type="Event"
          />
          <Component
            recipient_type="Event"
          />
        </ContentPanel>
      </ContentBody>
    </FullRow>
  </ContentSection>
</styled.div>
`;
