// Jest Snapshot v1, https://goo.gl/fbAQLP

exports[`Event should render correctly 1`] = `
<styled.div
  className="event"
>
  <Styled(EventBanner)
    community={Object {}}
    eventLink="/e/undefined"
  />
  <div
    className="app-container"
  >
    <ContentSection>
      <ContentBody>
        <TmnTab
          panes={
            Array [
              Object {
                "content": [Function],
                "name": "About",
              },
              Object {
                "content": [Function],
                "name": "Feedback",
              },
              Object {
                "content": [Function],
                "name": "Discussion (0)",
              },
              Object {
                "content": [Function],
                "name": "Slides & Resources",
              },
            ]
          }
        />
      </ContentBody>
      <Component
        announcements={Object {}}
        community={Object {}}
        past_events={Object {}}
      />
      <FullRow>
        <ContentBody>
          <ContentPanel
            className="comments-section"
            title="Ask the organizers"
          >
            <Component
              placeholder="What would you like to ask/suggest?"
              recipient_type="Event"
              trackable_type="Event"
            />
            <Component
              comments={Object {}}
              recipient_type="Event"
            />
          </ContentPanel>
        </ContentBody>
      </FullRow>
    </ContentSection>
  </div>
</styled.div>
`;
