// Jest Snapshot v1, https://goo.gl/fbAQLP

exports[`ContentAfterCommunitySubmit it renders correctly 1`] = `
<Form
  as="form"
>
  <FormField>
    <label>
      How satisfied are you with this event?
    </label>
    <RatingExampleHeart
      max={10}
      name="satisfaction_level"
      onRate={[Function]}
    />
  </FormField>
  <FormField>
    <label>
      How likely are you to invite someone to a similar event hosted by this community?
    </label>
    <RatingExampleHeart
      max={10}
      onRate={[Function]}
    />
  </FormField>
  <FormField>
    <label>
      What did you love about the event? How would you improve it?
    </label>
    <Styled(Component)
      name="feedback_note"
      onChange={[Function]}
      placeholder="Share your thoughts!"
    />
  </FormField>
  <FormGroup>
    <FormField>
      <Button
        inverted={true}
        type="submit"
      >
        Submit
      </Button>
    </FormField>
  </FormGroup>
</Form>
`;
