// Jest Snapshot v1, https://goo.gl/fbAQLP

exports[`ContentAfterEventCreate it renders correctly 1`] = `
<styled.div
  className="text-center"
>
  <h3>
    You just created an event!!!
  </h3>
  <img
    alt="people dancing"
    src="black-guy-celebrating2.gif"
  />
  <p>
    Congratulations!
  </p>
  <p>
    You event is not yet live since you might want to make changes to the banner image, RSVP form questions and packages for sponsors.
  </p>
  <p>
    Click the continue button to get these progressively done in the next few steps.
  </p>
</styled.div>
`;
