// Jest Snapshot v1, https://goo.gl/fbAQLP

exports[`NewCommunity should render correctly 1`] = `
<Component>
  <QuickFeedbackForm__StyledQuickFeedbackForm
    className="app-container feedback"
  >
    <EventUpdate
      community={
        Object {
          "name": "A new community",
        }
      }
      communitySubmitted={false}
      handleChange={[Function]}
      submitEmail={[Function]}
    />
  </QuickFeedbackForm__StyledQuickFeedbackForm>
</Component>
`;
