// Jest Snapshot v1, https://goo.gl/fbAQLP

exports[`MainContentBody should render correctly 1`] = `
<styled.div>
  <section
    className="main-body"
  >
    <EventSection
      events={Array []}
      title="Events"
    />
    <EventSection
      events={Array []}
      title="Similar events from other communities"
    />
  </section>
  <Sidebar
    title="Awesome communities"
  >
    <CommunitiesSection
      communities={Array []}
    />
  </Sidebar>
</styled.div>
`;
