// Jest Snapshot v1, https://goo.gl/fbAQLP

exports[`ForgotPassword should render correctly 1`] = `
<ForgotPassword__StyledForgotPassword>
  <MainContent
    email="john@gmail.com"
    emailSubmitted={false}
    handleChange={[Function]}
    submitEmail={[Function]}
  />
</ForgotPassword__StyledForgotPassword>
`;
