// Jest Snapshot v1, https://goo.gl/fbAQLP

exports[`CommunityHeader should render correctly 1`] = `
<styled.div>
  <div
    className="app-container community-logo"
  >
    <Link
      replace={false}
      to="/c/undefined"
    >
      <div
        className="hidden-xs"
      >
        <h3 />
      </div>
    </Link>
    <div
      className="right-pull"
    />
  </div>
  <div
    className="nav-holder"
  >
    <div
      className="app-container"
    >
      <Nav
        StackUlOnMobile={false}
        hideOnMobile={false}
      >
        <Component>
          <Link
            replace={false}
            to="/communities/undefined/events"
          >
            Events
          </Link>
        </Component>
      </Nav>
    </div>
  </div>
</styled.div>
`;
