// Jest Snapshot v1, https://goo.gl/fbAQLP

exports[`CommunityHeader should render correctly 1`] = `
<styled.div>
  <div
    className="app-container community-logo"
  >
    <Link
      replace={false}
      to="/communities/undefined"
    >
      <div>
        <h3 />
        <small />
      </div>
    </Link>
    <div
      className="right-pull"
    />
  </div>
  <div
    className="nav-holder"
  >
    <div
      className="app-container"
    >
      <Nav
        StackUlOnMobile={false}
        hideOnMobile={false}
      >
        <Component>
          <Link
            replace={false}
            to="/communities/undefined/events"
          >
            Events
          </Link>
        </Component>
        <Component>
          <Link
            replace={false}
            to="/communities/undefined"
          >
            Team
          </Link>
        </Component>
        <Component>
          <Component
            activeClassName="hidden"
            inverted={true}
            to="/communities/undefined/events/new"
          >
            <span
              className="hidden-lg"
            >
              <Icon
                as="i"
                name="plus"
              />
              <Icon
                as="i"
                name="handshake outline"
              />
            </span>
            <span
              className="hidden-md hidden-xs"
            >
              Create an event
            </span>
          </Component>
        </Component>
      </Nav>
    </div>
  </div>
</styled.div>
`;
