// Jest Snapshot v1, https://goo.gl/fbAQLP

exports[`main content - join a community component should render correctly 1`] = `
<MainContent__StyledMainContent
  className="main-content app-container"
>
  <h2>
    Follow your favorite communities
  </h2>
  <p>
    To know when they might host an event or share an event-related news
  </p>
  <div
    className="selection"
  >
    <div
      className="selection-dropdown"
    >
      <FormField>
        <label>
          Active location:
        </label>
        <Select
          defaultValue="Lagos"
          onChange={[Function]}
          options={
            Array [
              Object {
                "key": "lagos",
                "text": "Lagos",
                "value": "lagos",
              },
              Object {
                "key": "abuja",
                "text": "Lagos",
                "value": "abuja",
              },
            ]
          }
          placeholder="State"
        />
      </FormField>
      <FormField>
        <label>
          Community focus: 
        </label>
        <Select
          defaultValue="Technology"
          onChange={[Function]}
          options={
            Array [
              Object {
                "key": "tech",
                "text": "Technology",
                "value": "Technology",
              },
              Object {
                "key": "software",
                "text": "Software",
                "value": "Software",
              },
            ]
          }
          placeholder="Gender"
        />
      </FormField>
    </div>
    <div
      className="options"
    />
  </div>
</MainContent__StyledMainContent>
`;
