// Jest Snapshot v1, https://goo.gl/fbAQLP

exports[`ContentAfterCommunitySubmit it renders correctly 1`] = `
<ContentBeforeCommunitySubmit__StyledContent>
  <h3>
    Create a community
  </h3>
  <p>
    First choose a community name, brand color and url slug.
  </p>
  <div
    className="submit-form"
  >
    <Form
      as="form"
      error={false}
    >
      <Message
        error={true}
        header="Error"
      />
      <FormField
        className="wide email-holder"
      >
        <label>
          What's the name of your community?
        </label>
        <Input
          name="name"
          onChange={[Function]}
          placeholder="Super awesome community"
          type="text"
        />
      </FormField>
      <FormField
        className="wide email-holder"
      >
        <label>
          Could you describe this community? Who are you? What do you stand for?
        </label>
        <Input
          name="description"
          onChange={[Function]}
          placeholder="Description here ..."
          type="text"
        />
      </FormField>
      <FormField>
        <label>
          What's your brand color?
        </label>
        <Select
          defaultValue="#493294"
          name="brand_color"
          onChange={[Function]}
          options={
            Array [
              Object {
                "icon": "point purple",
                "key": "default",
                "text": "default",
                "value": "#493294",
              },
              Object {
                "icon": "point blue",
                "key": "blue",
                "text": "blue",
                "value": "#586BA4",
              },
              Object {
                "icon": "point red",
                "key": "red",
                "text": "red",
                "value": "#F76C5E",
              },
              Object {
                "icon": "point green",
                "key": "green",
                "text": "green",
                "value": "#2db528",
              },
              Object {
                "icon": "point pink",
                "key": "pink",
                "text": "pink",
                "value": "#F851F6",
              },
              Object {
                "icon": "point orange",
                "key": "orange",
                "text": "orange",
                "value": "#F68E5F",
              },
              Object {
                "icon": "point yellow",
                "key": "yellow",
                "text": "yellow",
                "value": "#F5DD90",
              },
            ]
          }
        />
      </FormField>
      <FormField>
        <label>
          How'd you like people to visit your community page?
        </label>
        <FormField
          className="same-line"
          widths="equal"
        >
          eventplog.com/c/
          <Input
            name="slug"
            onChange={[Function]}
            placeholder="something"
          />
        </FormField>
      </FormField>
      <Button
        className="btn-create"
      >
        Create
      </Button>
    </Form>
  </div>
</ContentBeforeCommunitySubmit__StyledContent>
`;
