// Jest Snapshot v1, https://goo.gl/fbAQLP

exports[`ContentAfterCommunitySubmit it renders correctly 1`] = `
<styled.div>
  <h3>
    Create a community
  </h3>
  <p>
    First choose a community name and url slug.
  </p>
  <div
    className="submit-form"
  >
    <Form
      as="form"
      error={false}
    >
      <Message
        error={true}
        header="Error"
      />
      <FormField
        className="wide email-holder"
      >
        <label>
          What's the name of your community?
        </label>
        <Styled(Input)
          name="name"
          onChange={[Function]}
          placeholder="Community name"
          type="text"
        />
      </FormField>
      <FormField>
        <label>
          How'd you like people to visit your community page?
        </label>
        <FormField
          className="same-line"
          widths="equal"
        >
          eventplog.com/c/
          <Styled(Input)
            name="slug"
            onChange={[Function]}
            placeholder="something"
          />
        </FormField>
      </FormField>
      <Button>
        Create
      </Button>
    </Form>
  </div>
</styled.div>
`;
