// Jest Snapshot v1, https://goo.gl/fbAQLP

exports[`MySettings should render correctly 1`] = `
<styled.div>
  <Grid
    className="app-container"
  >
    <GridColumn
      width={4}
    >
      <Menu
        fluid={true}
        tabular={true}
        vertical={true}
      />
    </GridColumn>
    <GridColumn
      stretched={true}
      width={12}
    >
      <Segment>
        <Component />
      </Segment>
    </GridColumn>
  </Grid>
</styled.div>
`;
