// Jest Snapshot v1, https://goo.gl/fbAQLP

exports[`NewSponsorshipOfferItem should render correctly 1`] = `
<styled.div>
  <Form
    as="form"
  >
    <Message
      header="Success!"
      success={true}
    />
    <Message
      error={true}
      header="Error!"
    />
    <FormField>
      <label>
        What's the title of this package?
      </label>
      <Styled(Input)
        name="title"
        onChange={[Function]}
        placeholder="Silver Sponorship"
        value="An awesome title"
      />
    </FormField>
    <FormField>
      <label>
        What benefits does a sponsor get?
      </label>
      <Styled(Component)
        name="benefits"
        onChange={[Function]}
        placeholder="Give details of what benefits a partner get by sponsoring this package"
        rows="10"
        value="A short summary"
      />
    </FormField>
    <FormField>
      <label>
        What form of sponsorship would you prefer?
      </label>
      <Styled(Input)
        defaultValue="talk"
        name="sponsorship_type"
        onChange={[Function]}
        options={
          Array [
            Object {
              "icon": <Icon
                as="i"
                name="usd"
          />,
              "key": "cash",
              "text": "Cash",
              "value": "cash",
            },
            Object {
              "icon": <Icon
                as="i"
                name="envelope"
          />,
              "key": "kind",
              "text": "Kind",
              "value": "kind",
            },
            Object {
              "icon": <Icon
                as="i"
                name="file alternate"
          />,
              "key": "any",
              "text": "any",
              "value": "other",
            },
          ]
        }
        placeholder="talk"
        value="talk"
      />
    </FormField>
    <FormField>
      <label>
        How much does this package cost?
      </label>
      <Styled(Input)
        name="amount"
        onChange={[Function]}
        placeholder="1000"
        type="number"
        value="A lot of details"
      />
    </FormField>
    <FormField>
      <label>
        How many sponsorship slots are available for this package?
      </label>
      <Styled(Input)
        name="slots_available"
        onChange={[Function]}
        placeholder="1"
        type="number"
        value={4}
      />
    </FormField>
    <Button>
      Save
    </Button>
  </Form>
</styled.div>
`;
